// Jest Snapshot v1, https://goo.gl/fbAQLP

exports[`test MyButton should match snapshot 1`] = `
<button
  className="btn"
  type="button"
>
  click
</button>
`;
